[wheels.stylox.design/website-theme-template-to-launch-e-bike-styloxdesign.html]
[backblue.gif]
[fade.gif]
[index.html]
[wheels.stylox.design/images/favicon.ico]
[cdn.jsdelivr.net/npm/swiper@8/swiper-bundle.min.css]
[wheels.stylox.design/images/st-loader.png]
[wheels.stylox.design/intro/index.html]
[wheels.stylox.design/intro/images/e-bike-logo-white.png]
[wheels.stylox.design/intro/images/e-bike-logo-dark.png]
[wheels.stylox.design/images/hero-bg.jpg]
[wheels.stylox.design/images/hero-bike.webp]
[wheels.stylox.design/images/charging-image.webp]
[wheels.stylox.design/images/hero-ebike.gif]
[wheels.stylox.design/images/about-sec.webp]
[wheels.stylox.design/images/feature-section.png]
[wheels.stylox.design/images/efficient.png]
[wheels.stylox.design/images/plug.png]
[wheels.stylox.design/images/eco-energy.png]
[wheels.stylox.design/images/weight.png]
[wheels.stylox.design/images/pedal.png]
[wheels.stylox.design/images/sync.png]
[wheels.stylox.design/images/color-background1.png]
[wheels.stylox.design/images/Red-color-bike.webp]
[wheels.stylox.design/images/yellow-color-bike.webp]
[wheels.stylox.design/images/blue-color-bike.webp]
[wheels.stylox.design/images/env1.jpg]
[wheels.stylox.design/images/zero-emission.png]
[wheels.stylox.design/images/energy-saving.png]
[wheels.stylox.design/images/traffic-light.png]
[wheels.stylox.design/images/energy.png]
[wheels.stylox.design/images/no-sound.png]
[wheels.stylox.design/images/lifestyles.png]
[wheels.stylox.design/images/long-bettery.png]
[wheels.stylox.design/images/peak.png]
[wheels.stylox.design/images/dust.png]
[wheels.stylox.design/images/form]
[wheels.stylox.design/images/bicycle-logo.png]
[wheels.stylox.design/+01(123)4567890]
[wheels.stylox.design/js/jquery.min.js]
[wheels.stylox.design/js/bootstrap.min.js]
[wheels.stylox.design/js/cascading-select.js]
[wheels.stylox.design/js/owl.carousel.min.js]
[wheels.stylox.design/js/onpagescroll.js]
[wheels.stylox.design/js/wow.min.js]
[wheels.stylox.design/js/fancybox/jquery.fancybox.min.js]
[wheels.stylox.design/js/theme.js]
[wheels.stylox.design/js/jquery.min.latest.js]
[cdnjs.cloudflare.com/ajax/libs/Swiper/8.4.5/swiper-bundle.min.js]
[wheels.stylox.design/script.js]
[wheels.stylox.design/website-theme-template-to-launch-e-bike-styloxdesign.html]
[cdn.jsdelivr.net/npm/swiper@8/swiper-bundle.min.css]
[wheels.stylox.design/css/animate.css]
[wheels.stylox.design/fonts/fa-brands-400.eot]
[wheels.stylox.design/fonts/fa-brands-400d41d.eot]
[wheels.stylox.design/fonts/fa-brands-400.woff2]
[wheels.stylox.design/fonts/fa-brands-400.woff]
[wheels.stylox.design/fonts/fa-brands-400.ttf]
[wheels.stylox.design/fonts/fa-regular-400.eot]
[wheels.stylox.design/fonts/fa-regular-400d41d.eot]
[wheels.stylox.design/fonts/fa-regular-400.woff2]
[wheels.stylox.design/fonts/fa-regular-400.woff]
[wheels.stylox.design/fonts/fa-regular-400.ttf]
[wheels.stylox.design/fonts/fa-solid-900.eot]
[wheels.stylox.design/fonts/fa-solid-900d41d.eot]
[wheels.stylox.design/fonts/fa-solid-900.woff2]
[wheels.stylox.design/fonts/fa-solid-900.woff]
[wheels.stylox.design/fonts/fa-solid-900.ttf]
[wheels.stylox.design/css/fontawesome.min.css]
[wheels.stylox.design/css/bootstrap.min.css]
[wheels.stylox.design/css/bootstrap.min5.css]
[wheels.stylox.design/css/bootstrap5.css]
[wheels.stylox.design/index.html]
[wheels.stylox.design/css/owl.video.play.4b.delayed]
[wheels.stylox.design/css/owl.carousel.min.css]
[wheels.stylox.design/css/fancybox/jquery.fancybox.min.css]
[wheels.stylox.design/images/bg-4.jpg]
[wheels.stylox.design/images/play-btn.png]
[wheels.stylox.design/images/racingcar-vide-bg.jpg]
[wheels.stylox.design/images/bus-1.jpg]
[wheels.stylox.design/images/variation-img-1.jpg]
[wheels.stylox.design/images/variation-img-2.jpg]
[wheels.stylox.design/images/select-arrow.png]
[wheels.stylox.design/images/select-arrow-light.png]
[wheels.stylox.design/images/smoke-1.png]
[wheels.stylox.design/images/smoke-2.png]
[wheels.stylox.design/style.css]
[wheels.stylox.design/css/responsive.css]
[wheels.stylox.design/intro/images/favicon.ico]
[wheels.stylox.design/intro/images/st-loader.png]
[wheels.stylox.design/intro/images/bg-1.jpg]
[wheels.stylox.design/intro/images/wheels-logo.png]
[wheels.stylox.design/intro/images/car-logo-intro.png]
[wheels.stylox.design/intro/images/bus-logo-intro.png]
[wheels.stylox.design/intro/images/bicycle-logo-intro.png]
[wheels.stylox.design/intro/images/e-bike-logo-intro.png]
[wheels.stylox.design/intro/images/motorcycle-logo-intro.png]
[wheels.stylox.design/intro/images/screen-image-ebike.png]
[wheels.stylox.design/intro/images/new.png]
[wheels.stylox.design/intro/images/bus-layout.png]
[wheels.stylox.design/website-theme-template-to-launch-bus-styloxdesign.html]
[wheels.stylox.design/intro/images/racingcar-layout.png]
[wheels.stylox.design/website-theme-template-to-launch-racing-car-styloxdesign.html]
[wheels.stylox.design/intro/images/car-layout.png]
[wheels.stylox.design/website-theme-template-to-launch-car-styloxdesign.html]
[wheels.stylox.design/intro/images/motorcycle-layout.png]
[wheels.stylox.design/website-theme-template-to-launch-bike-motorcycle-styloxdesign.html]
[wheels.stylox.design/intro/images/bicycle-layout.png]
[wheels.stylox.design/website-theme-template-to-launch-bicycle-styloxdesgin.html]
[wheels.stylox.design/intro/images/coming-layout.png]
[wheels.stylox.design/intro/images/html.png]
[wheels.stylox.design/intro/images/css.png]
[wheels.stylox.design/intro/images/w3c.png]
[wheels.stylox.design/intro/images/bootstrap.png]
[wheels.stylox.design/intro/images/wow.png]
[wheels.stylox.design/intro/images/google-fonts.png]
[wheels.stylox.design/intro/images/speed.png]
[wheels.stylox.design/intro/images/responsive.png]
[wheels.stylox.design/intro/images/retina-ready.png]
[wheels.stylox.design/intro/images/after-car.png]
[wheels.stylox.design/intro/images/before-car.png]
[wheels.stylox.design/intro/images/icon-1.png]
[wheels.stylox.design/intro/images/icon-2.png]
[wheels.stylox.design/intro/images/icon-3.png]
[wheels.stylox.design/intro/images/icon-4.png]
[wheels.stylox.design/intro/js/jquery.min.js]
[wheels.stylox.design/intro/js/wow.min.js]
[wheels.stylox.design/intro/js/bootstrap.min.js]
[wheels.stylox.design/intro/js/owl.carousel.min.js]
[wheels.stylox.design/intro/js/theme.js]
[wheels.stylox.design/intro/js/jquery.min.latest.js]
[wheels.stylox.design/intro/js/jquery.event.move.js]
[wheels.stylox.design/intro/js/jquery.twentytwenty.js]
[wheels.stylox.design/intro/index.html]
[wheels.stylox.design/images/form.html]
[wheels.stylox.design/+01(123)4567890.html]
[wheels.stylox.design/js/custom.js]
[wheels.stylox.design/script.html]
[wheels.stylox.design/fonts/fa-brands-400.svg]
[wheels.stylox.design/fonts/fa-regular-400.svg]
[wheels.stylox.design/fonts/fa-solid-900.svg]
[wheels.stylox.design/index.html]
[wheels.stylox.design/css/owl.video.play.html]
[wheels.stylox.design/intro/css/animate.css]
[wheels.stylox.design/intro/fonts/fa-brands-400.eot]
[wheels.stylox.design/intro/fonts/fa-brands-400d41d.eot]
[wheels.stylox.design/intro/fonts/fa-brands-400.woff2]
[wheels.stylox.design/intro/fonts/fa-brands-400.woff]
[wheels.stylox.design/intro/fonts/fa-brands-400.ttf]
[wheels.stylox.design/intro/fonts/fa-regular-400.eot]
[wheels.stylox.design/intro/fonts/fa-regular-400d41d.eot]
[wheels.stylox.design/intro/fonts/fa-regular-400.woff2]
[wheels.stylox.design/intro/fonts/fa-regular-400.woff]
[wheels.stylox.design/intro/fonts/fa-regular-400.ttf]
[wheels.stylox.design/intro/fonts/fa-solid-900.eot]
[wheels.stylox.design/intro/fonts/fa-solid-900d41d.eot]
[wheels.stylox.design/intro/fonts/fa-solid-900.woff2]
[wheels.stylox.design/intro/fonts/fa-solid-900.woff]
[wheels.stylox.design/intro/fonts/fa-solid-900.ttf]
[wheels.stylox.design/intro/css/fontawesome.min.css]
[wheels.stylox.design/intro/css/bootstrap.min.css]
[wheels.stylox.design/intro/css/bootstrap.min5.css]
[wheels.stylox.design/intro/css/bootstrap5.css]
[wheels.stylox.design/intro/css/owl.video.play.png]
[wheels.stylox.design/intro/css/owl.carousel.min.css]
[wheels.stylox.design/intro/css/twentytwenty.css]
[wheels.stylox.design/intro/images/road-img.png]
[wheels.stylox.design/intro/css/style.css]
[wheels.stylox.design/intro/css/responsive.css]
[wheels.stylox.design/images/bus-logo.png]
[wheels.stylox.design/images/bus-dark-logo.png]
[wheels.stylox.design/images/bg-12.jpg]
[wheels.stylox.design/images/person-1.jpg]
[wheels.stylox.design/images/person-2.jpg]
[wheels.stylox.design/images/maintenance-icon.png]
[wheels.stylox.design/images/navigation-icon.png]
[wheels.stylox.design/images/climatization-icon.png]
[wheels.stylox.design/images/phone-charger-icon.png]
[wheels.stylox.design/images/wifi-router-icon.png]
[wheels.stylox.design/images/led-icon.png]
[wheels.stylox.design/images/bus-color-2.png]
[wheels.stylox.design/images/bus-color-1.png]
[wheels.stylox.design/images/bus-color-3.png]
[wheels.stylox.design/images/gallery/image-11-s.jpg]
[wheels.stylox.design/images/gallery/image-12-s.jpg]
[wheels.stylox.design/images/gallery/image-13-s.jpg]
[wheels.stylox.design/images/gallery/image-14.jpg]
[wheels.stylox.design/images/gallery/image-14-s.jpg]
[wheels.stylox.design/images/gallery/image-15.jpg]
[wheels.stylox.design/images/gallery/image-15-s.jpg]
[wheels.stylox.design/images/gallery/image-16.jpg]
[wheels.stylox.design/images/gallery/image-16-s.jpg]
[wheels.stylox.design/images/gallery/image-17.jpg]
[wheels.stylox.design/images/gallery/image-17-s.jpg]
[wheels.stylox.design/images/gallery/image-18.jpg]
[wheels.stylox.design/images/gallery/image-18-s.jpg]
[wheels.stylox.design/images/bus-tech-bg.png]
[wheels.stylox.design/+01(123) 456 7890]
[wheels.stylox.design/website-theme-template-to-launch-bus-styloxdesign.html]
[wheels.stylox.design/images/car-logo.png]
[wheels.stylox.design/images/car-dark-logo.png]
[wheels.stylox.design/images/bg-11.jpg]
[wheels.stylox.design/images/racing-car-3.png]
[wheels.stylox.design/images/racing-car-1-img.jpg]
[wheels.stylox.design/images/racing-car-1-slide.jpg]
[wheels.stylox.design/images/racing-car-2-slide.jpg]
[wheels.stylox.design/images/racing-car-3-slide.jpg]
[wheels.stylox.design/images/racing-car-4.png]
[wheels.stylox.design/images/racing-car-2.png]
[wheels.stylox.design/images/racing-car-1.png]
[wheels.stylox.design/images/racing-car-engine.png]
[wheels.stylox.design/audio/carstartgarage.ogg]
[wheels.stylox.design/audio/carstartgarage.mp3]
[wheels.stylox.design/images/bg-10.jpg]
[wheels.stylox.design/js/jquery.event.move.js]
[wheels.stylox.design/js/jquery.twentytwenty.js]
[wheels.stylox.design/website-theme-template-to-launch-racing-car-styloxdesign.html]
[wheels.stylox.design/images/bg-8.jpg]
[wheels.stylox.design/images/after-car.png]
[wheels.stylox.design/images/before-car.png]
[wheels.stylox.design/images/gallery/image-8.jpg]
[wheels.stylox.design/images/gallery/image-8-s.jpg]
[wheels.stylox.design/images/gallery/image-4.jpg]
[wheels.stylox.design/images/gallery/image-4-s.jpg]
[wheels.stylox.design/images/gallery/image-3.jpg]
[wheels.stylox.design/images/gallery/image-3-s.jpg]
[wheels.stylox.design/images/gallery/image-2.jpg]
[wheels.stylox.design/images/gallery/image-2-s.jpg]
[wheels.stylox.design/images/gallery/image-10.jpg]
[wheels.stylox.design/images/gallery/image-10-s.jpg]
[wheels.stylox.design/images/gallery/image-5.jpg]
[wheels.stylox.design/images/gallery/image-5-s.jpg]
[wheels.stylox.design/images/gallery/image-9.jpg]
[wheels.stylox.design/images/gallery/image-9-s.jpg]
[wheels.stylox.design/images/gallery/image-7.jpg]
[wheels.stylox.design/images/gallery/image-7-s.jpg]
[wheels.stylox.design/images/variation-car-red.png]
[wheels.stylox.design/images/variation-car-yellow.png]
[wheels.stylox.design/images/variation-car-aqua.png]
[wheels.stylox.design/images/variation-car-green.png]
[wheels.stylox.design/images/variation-car-brown.png]
[wheels.stylox.design/images/MeximumPower-icon.png]
[wheels.stylox.design/images/speed-icon.png]
[wheels.stylox.design/images/car-body-icon.png]
[wheels.stylox.design/images/car-engine.png]
[wheels.stylox.design/website-theme-template-to-launch-car-styloxdesign.html]
[wheels.stylox.design/images/accessories-bg.png]
[wheels.stylox.design/images/motorcycle-logo.png]
[wheels.stylox.design/images/motorcycle-dark-logo.png]
[wheels.stylox.design/images/bg-5.jpg]
[wheels.stylox.design/images/image-2.jpg]
[wheels.stylox.design/images/rim-icon.png]
[wheels.stylox.design/images/engine-icon.png]
[wheels.stylox.design/images/shock-icon.png]
[wheels.stylox.design/images/motorcycle-features-img.png]
[wheels.stylox.design/images/chasis-icon.png]
[wheels.stylox.design/images/break-icon.png]
[wheels.stylox.design/images/speedometer-icon.png]
[wheels.stylox.design/images/variation-bike-3.png]
[wheels.stylox.design/images/variation-bike-1.png]
[wheels.stylox.design/images/variation-bike-2.png]
[wheels.stylox.design/images/variation-bike-4.png]
[wheels.stylox.design/images/cap-img-1.png]
[wheels.stylox.design/images/cap-img-2.png]
[wheels.stylox.design/images/cap-img-3.png]
[wheels.stylox.design/images/bike-1.png]
[wheels.stylox.design/images/bg-7.jpg]
[wheels.stylox.design/website-theme-template-to-launch-bike-motorcycle-styloxdesign.html]
[wheels.stylox.design/website-theme-template-to-launch-bicycle-styloxdesgin.html]
[wheels.stylox.design/intro/fonts/fa-brands-400.svg]
[wheels.stylox.design/intro/fonts/fa-regular-400.svg]
[wheels.stylox.design/intro/fonts/fa-solid-900.svg]
[wheels.stylox.design/intro/css/owl.video.play.html]
[wheels.stylox.design/css/twentytwenty.css]
[wheels.stylox.design/images/mountains-icon.svg]
[wheels.stylox.design/images/air-conditioning-icon.svg]
[wheels.stylox.design/images/gallery/image-11-s.html]
[wheels.stylox.design/images/gallery/image-12-s.html]
[wheels.stylox.design/images/gallery/image-13-s.html]
[wheels.stylox.design/images/gallery/image-14.html]
[wheels.stylox.design/images/gallery/image-14-s.html]
[wheels.stylox.design/images/gallery/image-15.html]
[wheels.stylox.design/images/gallery/image-15-s.html]
[wheels.stylox.design/images/gallery/image-16.html]
[wheels.stylox.design/images/gallery/image-16-s.html]
[wheels.stylox.design/images/gallery/image-17.html]
[wheels.stylox.design/images/gallery/image-17-s.html]
[wheels.stylox.design/images/gallery/image-18.html]
[wheels.stylox.design/images/gallery/image-18-s.html]
[wheels.stylox.design/+01(123) 456 7890.html]
[wheels.stylox.design/audio/carstartgarage.html]
